event=profile_activate sequence=1
event=profile_activate sequence=1
event=profile_activate sequence=1
event=profile_activate sequence=1
event=profile_activate sequence=1
event=key_down sequence=2 buffer_length=1 candidate_count=5
event=candidate_update sequence=3 buffer_length=1 candidate_count=5
event=key_down sequence=4 buffer_length=2 candidate_count=3
event=candidate_update sequence=5 buffer_length=2 candidate_count=3
event=key_down sequence=6 buffer_length=3 candidate_count=2
event=candidate_update sequence=7 buffer_length=3 candidate_count=2
event=key_down sequence=8 buffer_length=4 candidate_count=5
event=candidate_update sequence=9 buffer_length=4 candidate_count=5
event=key_down sequence=10 buffer_length=5 candidate_count=5
event=candidate_update sequence=11 buffer_length=5 candidate_count=5
event=key_down sequence=12 buffer_length=6 candidate_count=5
event=candidate_update sequence=13 buffer_length=6 candidate_count=5
event=key_down sequence=14 buffer_length=7 candidate_count=5
event=candidate_update sequence=15 buffer_length=7 candidate_count=5
event=commit_request sequence=16 buffer_length=7 candidate_count=5
event=commit_text sequence=17 buffer_length=3
event=focus_lost sequence=2 buffer_length=0 candidate_count=0
event=profile_deactivate sequence=3 buffer_length=0 candidate_count=0
event=profile_activate sequence=1
event=profile_activate sequence=1
event=focus_lost sequence=2 buffer_length=0 candidate_count=0
event=focus_lost sequence=18 buffer_length=0 candidate_count=0
event=profile_deactivate sequence=2 buffer_length=0 candidate_count=0
event=profile_deactivate sequence=3 buffer_length=0 candidate_count=0
event=profile_deactivate sequence=19 buffer_length=0 candidate_count=0
event=profile_deactivate sequence=3 buffer_length=0 candidate_count=0
event=profile_activate sequence=4
event=profile_activate sequence=5
event=profile_activate sequence=6
event=profile_activate sequence=1
event=profile_activate sequence=1
event=focus_lost sequence=2 buffer_length=0 candidate_count=0
event=focus_lost sequence=2 buffer_length=0 candidate_count=0
event=focus_lost sequence=2 buffer_length=0 candidate_count=0
event=focus_lost sequence=2 buffer_length=0 candidate_count=0
event=profile_activate sequence=4
event=profile_deactivate sequence=3 buffer_length=0 candidate_count=0
event=profile_deactivate sequence=3 buffer_length=0 candidate_count=0
event=focus_lost sequence=2 buffer_length=0 candidate_count=0
event=foevent=profile_activate sequence=4
 candidate_count=0
ount=0
event=profile_activate sequence=1
event=focus_lost sequence=8 buffer_length=0 candidate_count=0
event=focus_lost sequence=9 buffer_length=0 candidate_count=0
event=profile_activate sequence=10
event=profile_deactivate sequence=11 buffer_length=0 candidate_count=0
event=profile_deactivate sequence=3 buffer_length=0 candidate_count=0
event=profile_deactivate sequence=3 buffer_length=0 candidate_count=0
event=profile_deactivate sequence=12 buffer_length=0 candidate_count=0
event=profile_deactivate sequence=13 buffer_length=0 candidate_count=0
event=profile_activate sequence=1
event=key_down sequence=2 buffer_length=1 candidate_count=5
event=candidate_update sequence=3 buffer_length=1 candidate_count=5
event=key_down sequence=4 buffer_length=2 candidate_count=3
event=candidate_update sequence=5 buffer_length=2 candidate_count=3
event=key_down sequence=6 buffer_length=3 candidate_count=2
event=candidate_update sequence=7 buffer_length=3 candidate_count=2
event=key_down sequence=8 buffer_length=4 candidate_count=5
event=candidate_update sequence=9 buffer_length=4 candidate_count=5
event=key_down sequence=10 buffer_length=5 candidate_count=5
event=candidate_update sequence=11 buffer_length=5 candidate_count=5
event=key_down sequence=12 buffer_length=6 candidate_count=5
event=candidate_update sequence=13 buffer_length=6 candidate_count=5
event=key_down sequence=14 buffer_length=7 candidate_count=5
event=candidate_update sequence=15 buffer_length=7 candidate_count=5
event=commit_request sequence=16 buffer_length=7 candidate_count=5
event=commit_text sequence=17 buffer_length=3
event=focus_lost sequence=5 buffer_length=0 candidate_count=0
event=profile_deactivate sequence=6 buffer_length=0 candidate_count=0
event=profile_activate sequence=4
event=profile_activate sequence=4
event=focus_lost sequence=14 buffer_length=0 candidate_count=0
event=profile_deactivate sequence=2 buffer_length=0 candidate_count=0
event=profile_deactivate sequence=6 buffer_length=0 candidate_count=0
event=profile_deactivate sequence=15 buffer_length=0 candidate_count=0
event=profile_deactivate sequence=19 buffer_length=0 candidate_count=0
event=profile_activate sequence=4
event=profile_activate sequence=16
event=profile_activate sequence=4
event=profile_activate sequence=4
event=profile_activate sequence=4
event=profile_activate sequence=17
event=profile_activate sequence=18
event=focus_lost sequence=5 buffer_length=0 candidate_count=0
event=focus_lost sequence=5 buffer_length=0 candidate_count=0
event=focus_lost sequence=5 buffer_length=0 candidate_count=0
event=profile_activate sequence=7
event=profile_deactivate sequence=6 buffer_length=0 candidate_count=0
event=profile_deactivate sequence=6 buffer_length=0 candidate_count=0
event=focus_lost sequence=5 buffer_length=0 candidate_count=0

event=profile_deactivate sequence=6 buffer_length=0 candidate_count=0
event=focus_lost sequence=20 buffer_length=0 candidate_count=0
event=focus_lost sequence=21 buffer_length=0 candidate_count=0
event=profile_activate sequence=22
event=profile_deactivate sequence=23 buffer_length=0 candidate_count=0
event=profile_deactivate sequence=6 buffer_length=0 candidate_count=0
event=profile_deactivate sequence=6 buffer_length=0 candidate_count=0
event=profile_deactivate sequence=24 buffer_length=0 candidate_count=0
event=profile_deactivate sequence=25 buffer_length=0 candidate_count=0
event=profile_activate sequence=1
