event=profile_activate sequence=1
event=profile_activate sequence=1
event=profile_activate sequence=1
event=profile_activate sequence=1
event=profile_activate sequence=2
event=profile_activate sequence=2
event=profile_activate sequence=1
event=profile_activate sequence=1
event=server_launch_timeout sequence=2
event=server_launch_timeout sequence=3
event=server_launch_attempt sequence=4
event=server_launch_started sequence=5
event=server_launch_ready sequence=6
event=key_down sequence=7 buffer_length=1 candidate_count=5
event=candidate_update sequence=8 buffer_length=1 candidate_count=5
event=composition_cancel sequence=9 buffer_length=1 candidate_count=5
event=key_down sequence=10 buffer_length=1 candidate_count=5
event=candidate_update sequence=11 buffer_length=1 candidate_count=5
event=key_down sequence=12 buffer_length=2 candidate_count=5
event=candidate_update sequence=13 buffer_length=2 candidate_count=5
event=key_down sequence=14 buffer_length=3 candidate_count=5
event=candidate_update sequence=15 buffer_length=3 candidate_count=5
event=key_down sequence=16 buffer_length=4 candidate_count=5
event=candidate_update sequence=17 buffer_length=4 candidate_count=5
event=key_down sequence=18 buffer_length=5 candidate_count=5
event=candidate_update sequence=19 buffer_length=5 candidate_count=5
event=key_down sequence=20 buffer_length=6 candidate_count=5
event=candidate_update sequence=21 buffer_length=6 candidate_count=5
event=key_down sequence=22 buffer_length=7 candidate_count=5
event=candidate_update sequence=23 buffer_length=7 candidate_count=5
event=commit_request sequence=24 buffer_length=7 candidate_count=5
event=commit_text sequence=25 buffer_length=3
event=profile_activate sequence=1
event=profile_activate sequence=1
event=server_launch_timeout sequence=2
event=server_launch_timeout sequence=3
event=server_launch_attempt sequence=4
event=server_launch_started sequence=5
event=server_launch_ready sequence=6
event=key_down sequence=7 buffer_length=1 candidate_count=5
event=candidate_update sequence=8 buffer_length=1 candidate_count=5
event=composition_cancel sequence=9 buffer_length=1 candidate_count=5
event=key_down sequence=10 buffer_length=1 candidate_count=5
event=candidate_update sequence=11 buffer_length=1 candidate_count=5
event=key_down sequence=12 buffer_length=2 candidate_count=5
event=candidate_update sequence=13 buffer_length=2 candidate_count=5
event=key_down sequence=14 buffer_length=3 candidate_count=5
event=candidate_update sequence=15 buffer_length=3 candidate_count=5
event=key_down sequence=16 buffer_length=4 candidate_count=5
event=candidate_update sequence=17 buffer_length=4 candidate_count=5
event=key_down sequence=18 buffer_length=5 candidate_count=5
event=candidate_update sequence=19 buffer_length=5 candidate_count=5
event=key_down sequence=20 buffer_length=6 candidate_count=5
event=candidate_update sequence=21 buffer_length=6 candidate_count=5
event=key_down sequence=22 buffer_length=7 candidate_count=5
event=candidate_update sequence=23 buffer_length=7 candidate_count=5
event=commit_request sequence=24 buffer_length=7 candidate_count=5
event=commit_text sequence=25 buffer_length=3
event=profile_activate sequence=1
